---
source: tests/cli/help_snapshots_test.rs
expression: "help_output(&[subcommand, \"--help\"])"
---
Usage: xmind import [OPTIONS] --input <INPUT> <--output <OUTPUT>|--into <WORKBOOK>> <--dry-run|--apply>

Options:
      --input <INPUT>                  
      --output <OUTPUT>                
      --into <WORKBOOK>                
      --parent <PARENT>                
      --markdown-mode <MARKDOWN_MODE>  [possible values: heading, list, hybrid, auto]
      --dry-run                        
      --apply                          
      --json                           
      --format <FORMAT>                [default: text] [possible values: text, json, compact-json, markdown, outline, assets]
      --fields <FIELDS>                
      --quiet                          
      --no-color                       
      --sheet <SHEET>                  
      --sheet-id <SHEET_ID>            
      --sheet-index <SHEET_INDEX>      
  -h, --help                           Print help
