---
source: tests/cli/read_snapshots_test.rs
expression: read_output(&args)
---
{
  "ok": true,
  "command": "tree",
  "workbook": "tests/fixtures/xmind/minimal.xmind",
  "dry_run": false,
  "applied": false,
  "result": {
    "root": {
      "children": [
        {
          "children": [
            {
              "id": "topic-payment",
              "labels": [],
              "markers": [],
              "path": "/Q2/Payment",
              "title": "Payment"
            }
          ],
          "id": "topic-q2",
          "labels": [],
          "markers": [],
          "path": "/Q2",
          "title": "Q2"
        }
      ],
      "id": "topic-root",
      "labels": [],
      "markers": [],
      "path": "/",
      "title": "Roadmap"
    },
    "sheet": "Roadmap"
  },
  "warnings": []
}
